---
source: src/cli.rs
description: pokemon ceruledge --game scarlet-violet
---
ceruledge fire ghost 
flash-fire weak-armor(h)
hp    atk   def   satk  sdef  spd   total
75    125   80    60    100   85    525   
scarlet-violet gen-9

defenses
double: dark ghost ground rock water
neutral: dragon electric flying psychic
half: fairy fire grass ice poison steel
quarter: bug
zero: fighting normal
